// Jest Snapshot v1, https://goo.gl/fbAQLP

exports[`FundsView Should match snapshot 1`] = `
<DocumentFragment>
  .c2 {
  margin: auto;
  -webkit-box-flex: 0;
  -webkit-flex-grow: 0;
  -ms-flex-positive: 0;
  flex-grow: 0;
  font-size: 0.5rem;
  color: var(--lightest);
}

.c1 {
  height: 100%;
  width: 100%;
  display: -webkit-box;
  display: -webkit-flex;
  display: -ms-flexbox;
  display: flex;
  -webkit-box-pack: center;
  -webkit-justify-content: center;
  -ms-flex-pack: center;
  justify-content: center;
  -webkit-align-items: center;
  -webkit-box-align: center;
  -ms-flex-align: center;
  align-items: center;
}

.c0 {
  width: 100%;
  height: 100%;
}

<div
    class="c0"
    height="100%"
  >
    <div
      class="c1"
    >
      <div
        class="c2 spinner-border"
        data-testid="spinner"
      />
    </div>
  </div>
</DocumentFragment>
`;
